Microchip Technology Inc, v1.31 (A)

Tool Name:
  c:\program files (x86)\microchip\xc16\v1.31\bin\bin\..\bin/elf-ld.exe

Command:
  -p24FJ32GB004 \
  -o \
  dist/XC16_24FJ256GA110/production/HYDRAS.X.production.elf \
  -Lc:/program files (x86)/microchip/xc16/v1.31/bin/bin/.. \
  -Lc:/program files (x86)/microchip/xc16/v1.31/bin/bin/../../lib \
  -Lc:/program files (x86)/microchip/xc16/v1.31/bin/bin/../../lib/PIC24E \
  -Lc:/program files (x86)/microchip/xc16/v1.31/bin/bin/../../support/PIC24E/gld \
  -Lc:/program files (x86)/microchip/xc16/v1.31/bin/bin/../../lib/PIC24F \
  -Lc:/program files (x86)/microchip/xc16/v1.31/bin/bin/../../support/PIC24F/gld \
  -Lc:/program files (x86)/microchip/xc16/v1.31/bin/bin/../../lib/PIC24H \
  -Lc:/program files (x86)/microchip/xc16/v1.31/bin/bin/../../support/PIC24H/gld \
  -Lc:/program files (x86)/microchip/xc16/v1.31/bin/bin/../../lib/dsPIC30F \
  -Lc:/program files (x86)/microchip/xc16/v1.31/bin/bin/../../support/dsPIC30F/gld \
  -Lc:/program files (x86)/microchip/xc16/v1.31/bin/bin/../../lib/dsPIC33E \
  -Lc:/program files (x86)/microchip/xc16/v1.31/bin/bin/../../support/dsPIC33E/gld \
  -Lc:/program files (x86)/microchip/xc16/v1.31/bin/bin/../../lib/dsPIC33F \
  -Lc:/program files (x86)/microchip/xc16/v1.31/bin/bin/../../support/dsPIC33F/gld \
  build/XC16_24FJ256GA110/production/configuration_bits.o \
  build/XC16_24FJ256GA110/production/interrupts.o \
  build/XC16_24FJ256GA110/production/main.o \
  build/XC16_24FJ256GA110/production/system.o \
  build/XC16_24FJ256GA110/production/traps.o \
  build/XC16_24FJ256GA110/production/user.o \
  build/XC16_24FJ256GA110/production/circularBuffer.o \
  build/XC16_24FJ256GA110/production/packetCom.o \
  build/XC16_24FJ256GA110/production/crc.o \
  build/XC16_24FJ256GA110/production/DOA.o \
  build/XC16_24FJ256GA110/production/direction.o \
  --defsym=__MPLAB_BUILD=1 \
  -Tp24FJ32GB004.gld.00 \
  --heap=2048 \
  --stack=16 \
  --check-sections \
  --data-init \
  --pack-data \
  --handles \
  --isr \
  --no-gc-sections \
  --fill-upper=0 \
  --stackguard=16 \
  --no-force-link \
  --smart-io \
  -Map=dist/XC16_24FJ256GA110/production/HYDRAS.X.production.map \
  --report-mem \
  --memorysummary \
  dist/XC16_24FJ256GA110/production/memoryfile.xml \
  -start-group \
  --library=pic30-elf \
  --library=m-elf \
  --library=c-elf \
  -end-group \

Archive member included because of file (symbol)

c:/program files (x86)/microchip/xc16/v1.31/bin/bin/../../lib/PIC24F\libpPIC24Fxxx-elf.a(ReadUART2.o)
                              build/XC16_24FJ256GA110/production/interrupts.o (_ReadUART2)
c:/program files (x86)/microchip/xc16/v1.31/bin/bin/../../lib\libpic30-elf.a(crt0_standard.o)
                              (__resetPRI)
c:/program files (x86)/microchip/xc16/v1.31/bin/bin/../../lib\libpic30-elf.a(data_init_standard.o)
                              c:/program files (x86)/microchip/xc16/v1.31/bin/bin/../../lib\libpic30-elf.a(crt0_standard.o) (__data_init_standard)
c:/program files (x86)/microchip/xc16/v1.31/bin/bin/../../lib\libpic30-elf.a(crt_start_mode_normal.eo)
                              (__crt_start_mode_normal)
c:/program files (x86)/microchip/xc16/v1.31/bin/bin/../../lib\libm-elf.a(addsf3.eo)
                              build/XC16_24FJ256GA110/production/DOA.o (___subsf3)
c:/program files (x86)/microchip/xc16/v1.31/bin/bin/../../lib\libm-elf.a(fixsfsi.eo)
                              build/XC16_24FJ256GA110/production/DOA.o (_(float, int, long long, short, float, short, int))
c:/program files (x86)/microchip/xc16/v1.31/bin/bin/../../lib\libm-elf.a(fixunssfsi.eo)
                              build/XC16_24FJ256GA110/production/DOA.o (___fixunssfsi)
c:/program files (x86)/microchip/xc16/v1.31/bin/bin/../../lib\libm-elf.a(floatsisf.eo)
                              build/XC16_24FJ256GA110/production/DOA.o (___floatsisf)
c:/program files (x86)/microchip/xc16/v1.31/bin/bin/../../lib\libm-elf.a(fpack.eo)
                              c:/program files (x86)/microchip/xc16/v1.31/bin/bin/../../lib\libm-elf.a(addsf3.eo) (__fpack)
c:/program files (x86)/microchip/xc16/v1.31/bin/bin/../../lib\libm-elf.a(funpack.eo)
                              c:/program files (x86)/microchip/xc16/v1.31/bin/bin/../../lib\libm-elf.a(fixsfsi.eo) (__funpack)
c:/program files (x86)/microchip/xc16/v1.31/bin/bin/../../lib\libm-elf.a(funpack2.eo)
                              c:/program files (x86)/microchip/xc16/v1.31/bin/bin/../../lib\libm-elf.a(addsf3.eo) (__funpack2)
c:/program files (x86)/microchip/xc16/v1.31/bin/bin/../../lib\libm-elf.a(futil.eo)
                              c:/program files (x86)/microchip/xc16/v1.31/bin/bin/../../lib\libm-elf.a(addsf3.eo) (__fPropagateNaN)
c:/program files (x86)/microchip/xc16/v1.31/bin/bin/../../lib\libm-elf.a(floatdisf.eo)
                              c:/program files (x86)/microchip/xc16/v1.31/bin/bin/../../lib\libm-elf.a(floatsisf.eo) (___floatdisf)
c:/program files (x86)/microchip/xc16/v1.31/bin/bin/../../lib\libm-elf.a(floatundisf.eo)
                              c:/program files (x86)/microchip/xc16/v1.31/bin/bin/../../lib\libm-elf.a(floatdisf.eo) (___floatundisf)
c:/program files (x86)/microchip/xc16/v1.31/bin/bin/../../lib\libc-elf.a(malloc.eo)
                              build/XC16_24FJ256GA110/production/circularBuffer.o (_malloc)
c:/program files (x86)/microchip/xc16/v1.31/bin/bin/../../lib\libc-elf.a(memcpy.eo)
                              c:/program files (x86)/microchip/xc16/v1.31/bin/bin/../../lib\libc-elf.a(malloc.eo) (_memcpy)
c:/program files (x86)/microchip/xc16/v1.31/bin/bin/../../lib\libpic30-elf.a(sbrk.eo)
                              c:/program files (x86)/microchip/xc16/v1.31/bin/bin/../../lib\libc-elf.a(malloc.eo) (_sbrk)
c:/program files (x86)/microchip/xc16/v1.31/bin/bin/../../lib\libpic30-elf.a(brk.elo)
                              c:/program files (x86)/microchip/xc16/v1.31/bin/bin/../../lib\libpic30-elf.a(sbrk.eo) (_brk)


xc16-ld 1.31 (A)

Program Memory  [Origin = 0x200, Length = 0x55f8]

section                    address   length (PC units)   length (bytes) (dec)
-------                    -------   -----------------   --------------------
.text                        0x200               0x612           0x91b  (2331)
.const                       0x812                0x2c            0x42  (66)
.text                        0x83e               0x78c           0xb52  (2898)
.dinit                       0xfca                0x48            0x6c  (108)
.text                       0x1012                0x12            0x1b  (27)

                 Total program memory used (bytes):         0x1536  (5430) 16%


Ivt Memory  [Origin = 0x4, Length = 0xfc]

section                    address   length (PC units)   length (bytes) (dec)
-------                    -------   -----------------   --------------------
.ivt._OscillatorFail           0x6                 0x2             0x3  (3)
.ivt._AddressError             0x8                 0x2             0x3  (3)
.ivt._StackError               0xa                 0x2             0x3  (3)
.ivt._MathError                0xc                 0x2             0x3  (3)
.ivt._T3Interrupt             0x24                 0x2             0x3  (3)
.ivt._ADC1Interrupt           0x2e                 0x2             0x3  (3)
.ivt._U2RXInterrupt           0x50                 0x2             0x3  (3)
.ivt._U2TXInterrupt           0x52                 0x2             0x3  (3)


Aivt Memory  [Origin = 0x104, Length = 0xfc]

section                    address   length (PC units)   length (bytes) (dec)
-------                    -------   -----------------   --------------------
.aivt._AltOscillatorFail     0x106                 0x2             0x3  (3)
.aivt._AltAddressError       0x108                 0x2             0x3  (3)
.aivt._AltStackError         0x10a                 0x2             0x3  (3)
.aivt._AltMathError          0x10c                 0x2             0x3  (3)


Data Memory  [Origin = 0x800, Length = 0x2000]

section                    address      alignment gaps    total length  (dec)
-------                    -------      --------------    -------------------
.nbss                        0x800                   0            0x3c  (60)
.ndata                       0x83c                   0             0xc  (12)
.nbss                        0x848                   0             0x8  (8)
.ndata                       0x850                   0             0x2  (2)
.bss                         0x852                   0           0x422  (1058)
.heap                        0xc74                   0           0x800  (2048)

                 Total data memory used (bytes):          0xc74  (3188) 38%


Dynamic Memory Usage

region                     address                      maximum length  (dec)
------                     -------                      ---------------------
heap                         0xc74                               0x800  (2048)
stack                       0x1474                              0x138c  (5004)

                 Maximum dynamic memory (bytes):         0x1b8c  (7052)


External Symbols in Data Memory (by address):

                    0x0800                  _msTicks
                    0x0804                  _ReceiveBuffer
                    0x0806                  _TransmitBuffer
                    0x0808                  _Heading1
                    0x080a                  _AOI1
                    0x080c                  _Confidence1
                    0x080e                  _Heading2
                    0x0810                  _AOI2
                    0x0812                  _Confidence2
                    0x0814                  _H1
                    0x0816                  _H2
                    0x0818                  _H3
                    0x081a                  _H4
                    0x081c                  _SpeedofSound
                    0x081e                  _FilterDuty
                    0x081f                  _FilterPeriod
                    0x0820                  _markA
                    0x0822                  _markB
                    0x0824                  _deadtimeA
                    0x0828                  _deadtimeB
                    0x082c                  _BearingThreshA
                    0x0830                  _BearingThreshB
                    0x0834                  _pingtrackerBearing
                    0x0838                  _BearingphaseshiftA
                    0x083a                  _BearingphaseshiftB
                    0x083c                  _BearingholderThreshold
                    0x0840                  _PingtrackerThreshold
                    0x0844                  _BearingElementNumberA
                    0x0846                  _BearingElementNumberB
                    0x0848                  _flag
                    0x0849                  _sampleflag
                    0x0850                  _PingerFreq
                    0x0852                  _crcTable
                    0x0c62                  ___allocs
                    0x0c6a                  ___allocp
                    0x0c6c                  ___alloct
                    0x0c6e                  ___allocx
                    0x0c72                  ___curbrk

External Symbols in Data Memory (by name):

                    0x080a                  _AOI1
                    0x0810                  _AOI2
                    0x0844                  _BearingElementNumberA
                    0x0846                  _BearingElementNumberB
                    0x082c                  _BearingThreshA
                    0x0830                  _BearingThreshB
                    0x083c                  _BearingholderThreshold
                    0x0838                  _BearingphaseshiftA
                    0x083a                  _BearingphaseshiftB
                    0x080c                  _Confidence1
                    0x0812                  _Confidence2
                    0x081e                  _FilterDuty
                    0x081f                  _FilterPeriod
                    0x0814                  _H1
                    0x0816                  _H2
                    0x0818                  _H3
                    0x081a                  _H4
                    0x0808                  _Heading1
                    0x080e                  _Heading2
                    0x0850                  _PingerFreq
                    0x0840                  _PingtrackerThreshold
                    0x0804                  _ReceiveBuffer
                    0x081c                  _SpeedofSound
                    0x0806                  _TransmitBuffer
                    0x0c6a                  ___allocp
                    0x0c62                  ___allocs
                    0x0c6c                  ___alloct
                    0x0c6e                  ___allocx
                    0x0c72                  ___curbrk
                    0x0852                  _crcTable
                    0x0824                  _deadtimeA
                    0x0828                  _deadtimeB
                    0x0848                  _flag
                    0x0820                  _markA
                    0x0822                  _markB
                    0x0800                  _msTicks
                    0x0834                  _pingtrackerBearing
                    0x0849                  _sampleflag

External Symbols in Program Memory (by address):

                  0x000200                  __resetPRI
                  0x00023c                  __psv_init
                  0x000252                  __data_init
                  0x000252                  __data_init_standard
                  0x0002c8                  __T3Interrupt
                  0x0002e4                  __U2RXInterrupt
                  0x000310                  __U2TXInterrupt
                  0x000354                  __ADC1Interrupt
                  0x000384                  __OscillatorFail
                  0x000388                  __AddressError
                  0x00038c                  __StackError
                  0x000390                  __MathError
                  0x000394                  __AltOscillatorFail
                  0x000398                  __AltAddressError
                  0x00039c                  __AltStackError
                  0x0003a0                  __AltMathError
                  0x0003a4                  __DefaultInterrupt
                  0x0003e8                  _ReadUART2
                  0x0003fc                  ___subsf3
                  0x0003fe                  ___addsf3
                  0x0004b8                  ___fixsfsi
                  0x0004fa                  ___fixunssfsi
                  0x000530                  ___floatsisf
                  0x000536                  __fpack
                  0x000582                  __funpack
                  0x0005ac                  __funpack2
                  0x0005bc                  __fPropagateNaN
                  0x0005ce                  __fbopExit
                  0x0005d6                  __fbopReturnNaN
                  0x0005dc                  ___floatdisf
                  0x0005fc                  ___floatundisf
                  0x00065a                  _malloc
                  0x00076c                  _free
                  0x000782                  _realloc
                  0x000804                  _memcpy
                  0x000812                  _thresh
                  0x000814                  _hDist
                  0x000816                  _sRate
                  0x000818                  _speedOfSound
                  0x00081a                  _angleLUT
                  0x000914                  _PacketComState_ParseFrameId
                  0x00094a                  _PacketComState_CheckCRC
                  0x0009ae                  _PacketComState_Run
                  0x000b8a                  _DOA
                  0x000bb0                  _phaseshift
                  0x000da4                  _crcSlow
                  0x000e02                  _crcInit
                  0x000e40                  _crcFast
                  0x000f44                  _InitializeHardware
                  0x000f62                  _CircularBuffer_Create
                  0x000f72                  _CircularBuffer_Write
                  0x000f92                  _CircularBuffer_ReadCopy
                  0x000fc4                  _CircularBuffer_Read
                  0x001012                  _main
                  0x001022                  _InitApp

External Symbols in Program Memory (by name):

                  0x000f62                  _CircularBuffer_Create
                  0x000fc4                  _CircularBuffer_Read
                  0x000f92                  _CircularBuffer_ReadCopy
                  0x000f72                  _CircularBuffer_Write
                  0x000b8a                  _DOA
                  0x001022                  _InitApp
                  0x000f44                  _InitializeHardware
                  0x00094a                  _PacketComState_CheckCRC
                  0x000914                  _PacketComState_ParseFrameId
                  0x0009ae                  _PacketComState_Run
                  0x0003e8                  _ReadUART2
                  0x000354                  __ADC1Interrupt
                  0x000388                  __AddressError
                  0x000398                  __AltAddressError
                  0x0003a0                  __AltMathError
                  0x000394                  __AltOscillatorFail
                  0x00039c                  __AltStackError
                  0x0003a4                  __DefaultInterrupt
                  0x000390                  __MathError
                  0x000384                  __OscillatorFail
                  0x00038c                  __StackError
                  0x0002c8                  __T3Interrupt
                  0x0002e4                  __U2RXInterrupt
                  0x000310                  __U2TXInterrupt
                  0x0003fe                  ___addsf3
                  0x0004b8                  ___fixsfsi
                  0x0004fa                  ___fixunssfsi
                  0x0005dc                  ___floatdisf
                  0x000530                  ___floatsisf
                  0x0005fc                  ___floatundisf
                  0x0003fc                  ___subsf3
                  0x000252                  __data_init
                  0x000252                  __data_init_standard
                  0x0005bc                  __fPropagateNaN
                  0x0005ce                  __fbopExit
                  0x0005d6                  __fbopReturnNaN
                  0x000536                  __fpack
                  0x000582                  __funpack
                  0x0005ac                  __funpack2
                  0x00023c                  __psv_init
                  0x000200                  __resetPRI
                  0x00081a                  _angleLUT
                  0x000e40                  _crcFast
                  0x000e02                  _crcInit
                  0x000da4                  _crcSlow
                  0x00076c                  _free
                  0x000814                  _hDist
                  0x001012                  _main
                  0x00065a                  _malloc
                  0x000804                  _memcpy
                  0x000bb0                  _phaseshift
                  0x000782                  _realloc
                  0x000816                  _sRate
                  0x000818                  _speedOfSound
                  0x000812                  _thresh

Memory Configuration

Name             Origin             Length             Attributes
data             0x000800           0x002000           a !xr
reset            0x000000           0x000004  
ivt              0x000004           0x0000fc  
_reserved        0x000100           0x000004  
aivt             0x000104           0x0000fc  
program          0x000200           0x0055f8           xr
CONFIG4          0x0057f8           0x000002  
CONFIG3          0x0057fa           0x000002  
CONFIG2          0x0057fc           0x000002  
CONFIG1          0x0057fe           0x000002  
*default*        0x000000           0xffffffff  

Linker script and memory map

LOAD build/XC16_24FJ256GA110/production/configuration_bits.o
LOAD build/XC16_24FJ256GA110/production/interrupts.o
LOAD build/XC16_24FJ256GA110/production/main.o
LOAD build/XC16_24FJ256GA110/production/system.o
LOAD build/XC16_24FJ256GA110/production/traps.o
LOAD build/XC16_24FJ256GA110/production/user.o
LOAD build/XC16_24FJ256GA110/production/circularBuffer.o
LOAD build/XC16_24FJ256GA110/production/packetCom.o
LOAD build/XC16_24FJ256GA110/production/crc.o
LOAD build/XC16_24FJ256GA110/production/DOA.o
LOAD build/XC16_24FJ256GA110/production/direction.o
                    0x0001                  __MPLAB_BUILD = 0x1
LOAD c:/program files (x86)/microchip/xc16/v1.31/bin/bin/../../lib/PIC24F\libpPIC24Fxxx-elf.a
LOAD c:/program files (x86)/microchip/xc16/v1.31/bin/bin/../../lib\libfx-elf.a
                    0x57f8                  __CONFIG4 = 0x57f8
                    0x57fa                  __CONFIG3 = 0x57fa
                    0x57fc                  __CONFIG2 = 0x57fc
                    0x57fe                  __CONFIG1 = 0x57fe
                    0x0001                  __NO_HANDLES = 0x1
                    0x0200                  __CODE_BASE = 0x200
                    0x55f8                  __CODE_LENGTH = 0x55f8
                    0x0004                  __IVT_BASE = 0x4
                    0x0104                  __AIVT_BASE = 0x104
                    0x0800                  __DATA_BASE = 0x800
                    0x2000                  __DATA_LENGTH = 0x2000

.reset            0x000000          0x4
                  0x000000          0x2 SHORT 0x200 ABSOLUTE (__reset)
                  0x000001          0x2 SHORT 0x4
                  0x000002          0x2 SHORT 0x0 ((ABSOLUTE (__reset) >> 0x10) & 0x7f)
                  0x000003          0x2 SHORT 0x0

.text             0x000200        0x612
 *(.init)
 .init            0x000200         0x4c c:/program files (x86)/microchip/xc16/v1.31/bin/bin/../../lib\libpic30-elf.a(crt0_standard.o)
                  0x000200                  __resetPRI
                  0x000200                  __reset
                  0x00023c                  __psv_init
 .init            0x00024c         0x7c c:/program files (x86)/microchip/xc16/v1.31/bin/bin/../../lib\libpic30-elf.a(data_init_standard.o)
                  0x000252                  __data_init_standard
                  0x000252                  __data_init
 *(.user_init)
 *(.handle)
 *(.isr*)
 .isr.text        0x0002c8         0xbc build/XC16_24FJ256GA110/production/interrupts.o
                  0x0002c8                  __T3Interrupt
                  0x0002e4                  __U2RXInterrupt
                  0x000310                  __U2TXInterrupt
                  0x000354                  __ADC1Interrupt
 .isr.text        0x000384         0x22 build/XC16_24FJ256GA110/production/traps.o
                  0x000384                  __OscillatorFail
                  0x000388                  __AddressError
                  0x00038c                  __StackError
                  0x000390                  __MathError
                  0x000394                  __AltOscillatorFail
                  0x000398                  __AltAddressError
                  0x00039c                  __AltStackError
                  0x0003a0                  __AltMathError
                  0x0003a4                  __DefaultInterrupt
 *(.libc)
 .libc            0x0003a6         0x28 c:/program files (x86)/microchip/xc16/v1.31/bin/bin/../../lib\libpic30-elf.a(sbrk.eo)
                  0x0003a6                  _sbrk
 .libc            0x0003ce         0x1a c:/program files (x86)/microchip/xc16/v1.31/bin/bin/../../lib\libpic30-elf.a(brk.elo)
                  0x0003ce                  _brk
 *(.libm)
 *(.libdsp)
 *(.lib*)
 .libperi         0x0003e8         0x12 c:/program files (x86)/microchip/xc16/v1.31/bin/bin/../../lib/PIC24F\libpPIC24Fxxx-elf.a(ReadUART2.o)
                  0x0003e8                  _ReadUART2
 .libpic30_crt_start_mode
                  0x0003fa          0x2 c:/program files (x86)/microchip/xc16/v1.31/bin/bin/../../lib\libpic30-elf.a(crt_start_mode_normal.eo)
                  0x0003fa                  __crt_start_mode
                  0x0003fa                  __crt_start_mode_normal
 .libm.subsf3     0x0003fc         0xbc c:/program files (x86)/microchip/xc16/v1.31/bin/bin/../../lib\libm-elf.a(addsf3.eo)
                  0x0003fc                  ___subsf3
                  0x0003fe                  ___addsf3
 .libm.fixsfsi    0x0004b8         0x42 c:/program files (x86)/microchip/xc16/v1.31/bin/bin/../../lib\libm-elf.a(fixsfsi.eo)
                  0x0004b8                  _(float, int, long long, short, float, short, int)
 .libm.fixunssfsi
                  0x0004fa         0x36 c:/program files (x86)/microchip/xc16/v1.31/bin/bin/../../lib\libm-elf.a(fixunssfsi.eo)
                  0x0004fa                  ___fixunssfsi
 .libm.floatsisf
                  0x000530          0x6 c:/program files (x86)/microchip/xc16/v1.31/bin/bin/../../lib\libm-elf.a(floatsisf.eo)
                  0x000530                  ___floatsisf
 .libm.fpack      0x000536         0x4c c:/program files (x86)/microchip/xc16/v1.31/bin/bin/../../lib\libm-elf.a(fpack.eo)
                  0x000536                  __fpack
 .libm.funpack    0x000582         0x2a c:/program files (x86)/microchip/xc16/v1.31/bin/bin/../../lib\libm-elf.a(funpack.eo)
                  0x000582                  __funpack
 .libm.funpack2
                  0x0005ac         0x10 c:/program files (x86)/microchip/xc16/v1.31/bin/bin/../../lib\libm-elf.a(funpack2.eo)
                  0x0005ac                  __funpack2
 .libm.fPropagateNaN
                  0x0005bc         0x12 c:/program files (x86)/microchip/xc16/v1.31/bin/bin/../../lib\libm-elf.a(futil.eo)
                  0x0005bc                  __fPropagateNaN
 .libm.fbobExit
                  0x0005ce          0x8 c:/program files (x86)/microchip/xc16/v1.31/bin/bin/../../lib\libm-elf.a(futil.eo)
                  0x0005ce                  __fbopExit
 .libm.fbopReturnNaN
                  0x0005d6          0x6 c:/program files (x86)/microchip/xc16/v1.31/bin/bin/../../lib\libm-elf.a(futil.eo)
                  0x0005d6                  __fbopReturnNaN
 .libm.floatdisf
                  0x0005dc         0x20 c:/program files (x86)/microchip/xc16/v1.31/bin/bin/../../lib\libm-elf.a(floatdisf.eo)
                  0x0005dc                  ___floatdisf
 .libm.floatundisf
                  0x0005fc         0x5e c:/program files (x86)/microchip/xc16/v1.31/bin/bin/../../lib\libm-elf.a(floatundisf.eo)
                  0x0005fc                  ___floatundisf
 .libc.malloc     0x00065a        0x112 c:/program files (x86)/microchip/xc16/v1.31/bin/bin/../../lib\libc-elf.a(malloc.eo)
                  0x00065a                  _malloc
 .libc.free       0x00076c         0x16 c:/program files (x86)/microchip/xc16/v1.31/bin/bin/../../lib\libc-elf.a(malloc.eo)
                  0x00076c                  _free
 .libc.realloc    0x000782         0x82 c:/program files (x86)/microchip/xc16/v1.31/bin/bin/../../lib\libc-elf.a(malloc.eo)
                  0x000782                  _realloc
 .libc.memcpy     0x000804          0xe c:/program files (x86)/microchip/xc16/v1.31/bin/bin/../../lib\libc-elf.a(memcpy.eo)
                  0x000804                  _memcpy

usercode
 *(usercode)

__CONFIG4
 *(__CONFIG4.sec*)

__CONFIG3
 *(__CONFIG3.sec*)

__CONFIG2         0x0057fc          0x2
 *(__CONFIG2.sec*)
 __CONFIG2.sec    0x0057fc          0x2 build/XC16_24FJ256GA110/production/main.o

__CONFIG1         0x0057fe          0x2
 *(__CONFIG1.sec*)
 __CONFIG1.sec    0x0057fe          0x2 build/XC16_24FJ256GA110/production/main.o

.comment
 *(.comment)

.debug_info       0x000000       0x54aa
 *(.debug_info)
 .debug_info      0x000000         0xa7 build/XC16_24FJ256GA110/production/configuration_bits.o
 .debug_info      0x0000a7        0x9cc build/XC16_24FJ256GA110/production/interrupts.o
 .debug_info      0x000a73        0x558 build/XC16_24FJ256GA110/production/main.o
 .debug_info      0x000fcb       0x22fb build/XC16_24FJ256GA110/production/system.o
 .debug_info      0x0032c6        0x2cd build/XC16_24FJ256GA110/production/traps.o
 .debug_info      0x003593        0x123 build/XC16_24FJ256GA110/production/user.o
 .debug_info      0x0036b6        0x32a build/XC16_24FJ256GA110/production/circularBuffer.o
 .debug_info      0x0039e0       0x1309 build/XC16_24FJ256GA110/production/packetCom.o
 .debug_info      0x004ce9        0x293 build/XC16_24FJ256GA110/production/crc.o
 .debug_info      0x004f7c        0x3f6 build/XC16_24FJ256GA110/production/DOA.o
 .debug_info      0x005372        0x138 build/XC16_24FJ256GA110/production/direction.o
 *(.gnu.linkonce.wi.*)

.debug_abbrev     0x000000        0x93f
 *(.debug_abbrev)
 .debug_abbrev    0x000000         0x1f build/XC16_24FJ256GA110/production/configuration_bits.o
 .debug_abbrev    0x00001f        0x166 build/XC16_24FJ256GA110/production/interrupts.o
 .debug_abbrev    0x000185         0xf8 build/XC16_24FJ256GA110/production/main.o
 .debug_abbrev    0x00027d        0x137 build/XC16_24FJ256GA110/production/system.o
 .debug_abbrev    0x0003b4         0x7d build/XC16_24FJ256GA110/production/traps.o
 .debug_abbrev    0x000431         0x34 build/XC16_24FJ256GA110/production/user.o
 .debug_abbrev    0x000465         0xe8 build/XC16_24FJ256GA110/production/circularBuffer.o
 .debug_abbrev    0x00054d        0x1d4 build/XC16_24FJ256GA110/production/packetCom.o
 .debug_abbrev    0x000721         0xf1 build/XC16_24FJ256GA110/production/crc.o
 .debug_abbrev    0x000812         0xe4 build/XC16_24FJ256GA110/production/DOA.o
 .debug_abbrev    0x0008f6         0x49 build/XC16_24FJ256GA110/production/direction.o

.debug_line       0x000000        0x8f1
 *(.debug_line)
 .debug_line      0x000000         0x1a build/XC16_24FJ256GA110/production/configuration_bits.o
 .debug_line      0x00001a        0x12b build/XC16_24FJ256GA110/production/interrupts.o
 .debug_line      0x000145        0x10d build/XC16_24FJ256GA110/production/main.o
 .debug_line      0x000252        0x15f build/XC16_24FJ256GA110/production/system.o
 .debug_line      0x0003b1         0x9e build/XC16_24FJ256GA110/production/traps.o
 .debug_line      0x00044f         0x33 build/XC16_24FJ256GA110/production/user.o
 .debug_line      0x000482         0xd1 build/XC16_24FJ256GA110/production/circularBuffer.o
 .debug_line      0x000553        0x1e9 build/XC16_24FJ256GA110/production/packetCom.o
 .debug_line      0x00073c         0x96 build/XC16_24FJ256GA110/production/crc.o
 .debug_line      0x0007d2         0xf6 build/XC16_24FJ256GA110/production/DOA.o
 .debug_line      0x0008c8         0x29 build/XC16_24FJ256GA110/production/direction.o

.debug_frame      0x000000        0x3c4
 *(.debug_frame)
 .debug_frame     0x000000         0xcc build/XC16_24FJ256GA110/production/interrupts.o
 .debug_frame     0x0000cc         0x24 build/XC16_24FJ256GA110/production/main.o
 .debug_frame     0x0000f0         0x64 build/XC16_24FJ256GA110/production/system.o
 .debug_frame     0x000154         0xa4 build/XC16_24FJ256GA110/production/traps.o
 .debug_frame     0x0001f8         0x24 build/XC16_24FJ256GA110/production/user.o
 .debug_frame     0x00021c         0x54 build/XC16_24FJ256GA110/production/circularBuffer.o
 .debug_frame     0x000270         0x70 build/XC16_24FJ256GA110/production/packetCom.o
 .debug_frame     0x0002e0         0xb0 build/XC16_24FJ256GA110/production/crc.o
 .debug_frame     0x000390         0x34 build/XC16_24FJ256GA110/production/DOA.o

.debug_str        0x000000        0x348
 *(.debug_str)
 .debug_str       0x000000         0x68 build/XC16_24FJ256GA110/production/interrupts.o
 .debug_str       0x000068          0xa build/XC16_24FJ256GA110/production/main.o
 .debug_str       0x000072        0x102 build/XC16_24FJ256GA110/production/system.o
 .debug_str       0x000174          0xc build/XC16_24FJ256GA110/production/traps.o
 .debug_str       0x000180          0x7 build/XC16_24FJ256GA110/production/circularBuffer.o
 .debug_str       0x000187         0xc5 build/XC16_24FJ256GA110/production/packetCom.o
 .debug_str       0x00024c         0x13 build/XC16_24FJ256GA110/production/crc.o
 .debug_str       0x00025f         0xe9 build/XC16_24FJ256GA110/production/DOA.o

.debug_loc
 *(.debug_loc)

.debug_macinfo
 *(.debug_macinfo)

.debug_pubnames
                  0x000000        0x523
 *(.debug_pubnames)
 .debug_pubnames
                  0x000000         0x74 build/XC16_24FJ256GA110/production/interrupts.o
 .debug_pubnames
                  0x000074        0x10e build/XC16_24FJ256GA110/production/main.o
 .debug_pubnames
                  0x000182         0x29 build/XC16_24FJ256GA110/production/system.o
 .debug_pubnames
                  0x0001ab         0xbe build/XC16_24FJ256GA110/production/traps.o
 .debug_pubnames
                  0x000269         0x1e build/XC16_24FJ256GA110/production/user.o
 .debug_pubnames
                  0x000287         0x79 build/XC16_24FJ256GA110/production/circularBuffer.o
 .debug_pubnames
                  0x000300         0x65 build/XC16_24FJ256GA110/production/packetCom.o
 .debug_pubnames
                  0x000365         0x43 build/XC16_24FJ256GA110/production/crc.o
 .debug_pubnames
                  0x0003a8        0x12c build/XC16_24FJ256GA110/production/DOA.o
 .debug_pubnames
                  0x0004d4         0x4f build/XC16_24FJ256GA110/production/direction.o

.debug_ranges
 *(.debug_ranges)

.debug_aranges    0x000000         0xd8
 *(.debug_aranges)
 .debug_aranges
                  0x000000         0x18 build/XC16_24FJ256GA110/production/interrupts.o
 .debug_aranges
                  0x000018         0x18 build/XC16_24FJ256GA110/production/main.o
 .debug_aranges
                  0x000030         0x18 build/XC16_24FJ256GA110/production/system.o
 .debug_aranges
                  0x000048         0x18 build/XC16_24FJ256GA110/production/traps.o
 .debug_aranges
                  0x000060         0x18 build/XC16_24FJ256GA110/production/user.o
 .debug_aranges
                  0x000078         0x18 build/XC16_24FJ256GA110/production/circularBuffer.o
 .debug_aranges
                  0x000090         0x18 build/XC16_24FJ256GA110/production/packetCom.o
 .debug_aranges
                  0x0000a8         0x18 build/XC16_24FJ256GA110/production/crc.o
 .debug_aranges
                  0x0000c0         0x18 build/XC16_24FJ256GA110/production/DOA.o
                    0x0000                  WREG0 = 0x0
                    0x0000                  _WREG0 = 0x0
                    0x0002                  WREG1 = 0x2
                    0x0002                  _WREG1 = 0x2
                    0x0004                  WREG2 = 0x4
                    0x0004                  _WREG2 = 0x4
                    0x0006                  WREG3 = 0x6
                    0x0006                  _WREG3 = 0x6
                    0x0008                  WREG4 = 0x8
                    0x0008                  _WREG4 = 0x8
                    0x000a                  WREG5 = 0xa
                    0x000a                  _WREG5 = 0xa
                    0x000c                  WREG6 = 0xc
                    0x000c                  _WREG6 = 0xc
                    0x000e                  WREG7 = 0xe
                    0x000e                  _WREG7 = 0xe
                    0x0010                  WREG8 = 0x10
                    0x0010                  _WREG8 = 0x10
                    0x0012                  WREG9 = 0x12
                    0x0012                  _WREG9 = 0x12
                    0x0014                  WREG10 = 0x14
                    0x0014                  _WREG10 = 0x14
                    0x0016                  WREG11 = 0x16
                    0x0016                  _WREG11 = 0x16
                    0x0018                  WREG12 = 0x18
                    0x0018                  _WREG12 = 0x18
                    0x001a                  WREG13 = 0x1a
                    0x001a                  _WREG13 = 0x1a
                    0x001c                  WREG14 = 0x1c
                    0x001c                  _WREG14 = 0x1c
                    0x001e                  WREG15 = 0x1e
                    0x001e                  _WREG15 = 0x1e
                    0x0020                  SPLIM = 0x20
                    0x0020                  _SPLIM = 0x20
                    0x002e                  PCL = 0x2e
                    0x002e                  _PCL = 0x2e
                    0x0030                  PCH = 0x30
                    0x0030                  _PCH = 0x30
                    0x0032                  TBLPAG = 0x32
                    0x0032                  _TBLPAG = 0x32
                    0x0034                  PSVPAG = 0x34
                    0x0034                  _PSVPAG = 0x34
                    0x0036                  RCOUNT = 0x36
                    0x0036                  _RCOUNT = 0x36
                    0x0042                  SR = 0x42
                    0x0042                  _SR = 0x42
                    0x0042                  _SRbits = 0x42
                    0x0044                  CORCON = 0x44
                    0x0044                  _CORCON = 0x44
                    0x0044                  _CORCONbits = 0x44
                    0x0052                  DISICNT = 0x52
                    0x0052                  _DISICNT = 0x52
                    0x0060                  CNEN1 = 0x60
                    0x0060                  _CNEN1 = 0x60
                    0x0060                  _CNEN1bits = 0x60
                    0x0062                  CNEN2 = 0x62
                    0x0062                  _CNEN2 = 0x62
                    0x0062                  _CNEN2bits = 0x62
                    0x0068                  CNPU1 = 0x68
                    0x0068                  _CNPU1 = 0x68
                    0x0068                  _CNPU1bits = 0x68
                    0x006a                  CNPU2 = 0x6a
                    0x006a                  _CNPU2 = 0x6a
                    0x006a                  _CNPU2bits = 0x6a
                    0x0080                  INTCON1 = 0x80
                    0x0080                  _INTCON1 = 0x80
                    0x0080                  _INTCON1bits = 0x80
                    0x0082                  INTCON2 = 0x82
                    0x0082                  _INTCON2 = 0x82
                    0x0082                  _INTCON2bits = 0x82
                    0x0084                  IFS0 = 0x84
                    0x0084                  _IFS0 = 0x84
                    0x0084                  _IFS0bits = 0x84
                    0x0086                  IFS1 = 0x86
                    0x0086                  _IFS1 = 0x86
                    0x0086                  _IFS1bits = 0x86
                    0x0088                  IFS2 = 0x88
                    0x0088                  _IFS2 = 0x88
                    0x0088                  _IFS2bits = 0x88
                    0x008a                  IFS3 = 0x8a
                    0x008a                  _IFS3 = 0x8a
                    0x008a                  _IFS3bits = 0x8a
                    0x008c                  IFS4 = 0x8c
                    0x008c                  _IFS4 = 0x8c
                    0x008c                  _IFS4bits = 0x8c
                    0x008e                  IFS5 = 0x8e
                    0x008e                  _IFS5 = 0x8e
                    0x008e                  _IFS5bits = 0x8e
                    0x0094                  IEC0 = 0x94
                    0x0094                  _IEC0 = 0x94
                    0x0094                  _IEC0bits = 0x94
                    0x0096                  IEC1 = 0x96
                    0x0096                  _IEC1 = 0x96
                    0x0096                  _IEC1bits = 0x96
                    0x0098                  IEC2 = 0x98
                    0x0098                  _IEC2 = 0x98
                    0x0098                  _IEC2bits = 0x98
                    0x009a                  IEC3 = 0x9a
                    0x009a                  _IEC3 = 0x9a
                    0x009a                  _IEC3bits = 0x9a
                    0x009c                  IEC4 = 0x9c
                    0x009c                  _IEC4 = 0x9c
                    0x009c                  _IEC4bits = 0x9c
                    0x009e                  IEC5 = 0x9e
                    0x009e                  _IEC5 = 0x9e
                    0x009e                  _IEC5bits = 0x9e
                    0x00a4                  IPC0 = 0xa4
                    0x00a4                  _IPC0 = 0xa4
                    0x00a4                  _IPC0bits = 0xa4
                    0x00a6                  IPC1 = 0xa6
                    0x00a6                  _IPC1 = 0xa6
                    0x00a6                  _IPC1bits = 0xa6
                    0x00a8                  IPC2 = 0xa8
                    0x00a8                  _IPC2 = 0xa8
                    0x00a8                  _IPC2bits = 0xa8
                    0x00aa                  IPC3 = 0xaa
                    0x00aa                  _IPC3 = 0xaa
                    0x00aa                  _IPC3bits = 0xaa
                    0x00ac                  IPC4 = 0xac
                    0x00ac                  _IPC4 = 0xac
                    0x00ac                  _IPC4bits = 0xac
                    0x00ae                  IPC5 = 0xae
                    0x00ae                  _IPC5 = 0xae
                    0x00ae                  _IPC5bits = 0xae
                    0x00b0                  IPC6 = 0xb0
                    0x00b0                  _IPC6 = 0xb0
                    0x00b0                  _IPC6bits = 0xb0
                    0x00b2                  IPC7 = 0xb2
                    0x00b2                  _IPC7 = 0xb2
                    0x00b2                  _IPC7bits = 0xb2
                    0x00b4                  IPC8 = 0xb4
                    0x00b4                  _IPC8 = 0xb4
                    0x00b4                  _IPC8bits = 0xb4
                    0x00b6                  IPC9 = 0xb6
                    0x00b6                  _IPC9 = 0xb6
                    0x00b6                  _IPC9bits = 0xb6
                    0x00b8                  IPC10 = 0xb8
                    0x00b8                  _IPC10 = 0xb8
                    0x00b8                  _IPC10bits = 0xb8
                    0x00ba                  IPC11 = 0xba
                    0x00ba                  _IPC11 = 0xba
                    0x00ba                  _IPC11bits = 0xba
                    0x00bc                  IPC12 = 0xbc
                    0x00bc                  _IPC12 = 0xbc
                    0x00bc                  _IPC12bits = 0xbc
                    0x00c2                  IPC15 = 0xc2
                    0x00c2                  _IPC15 = 0xc2
                    0x00c2                  _IPC15bits = 0xc2
                    0x00c4                  IPC16 = 0xc4
                    0x00c4                  _IPC16 = 0xc4
                    0x00c4                  _IPC16bits = 0xc4
                    0x00c8                  IPC18 = 0xc8
                    0x00c8                  _IPC18 = 0xc8
                    0x00c8                  _IPC18bits = 0xc8
                    0x00ca                  IPC19 = 0xca
                    0x00ca                  _IPC19 = 0xca
                    0x00ca                  _IPC19bits = 0xca
                    0x00ce                  IPC21 = 0xce
                    0x00ce                  _IPC21 = 0xce
                    0x00ce                  _IPC21bits = 0xce
                    0x00e0                  INTTREG = 0xe0
                    0x00e0                  _INTTREG = 0xe0
                    0x00e0                  _INTTREGbits = 0xe0
                    0x0100                  TMR1 = 0x100
                    0x0100                  _TMR1 = 0x100
                    0x0102                  PR1 = 0x102
                    0x0102                  _PR1 = 0x102
                    0x0104                  T1CON = 0x104
                    0x0104                  _T1CON = 0x104
                    0x0104                  _T1CONbits = 0x104
                    0x0106                  TMR2 = 0x106
                    0x0106                  _TMR2 = 0x106
                    0x0108                  TMR3HLD = 0x108
                    0x0108                  _TMR3HLD = 0x108
                    0x010a                  TMR3 = 0x10a
                    0x010a                  _TMR3 = 0x10a
                    0x010c                  PR2 = 0x10c
                    0x010c                  _PR2 = 0x10c
                    0x010e                  PR3 = 0x10e
                    0x010e                  _PR3 = 0x10e
                    0x0110                  T2CON = 0x110
                    0x0110                  _T2CON = 0x110
                    0x0110                  _T2CONbits = 0x110
                    0x0112                  T3CON = 0x112
                    0x0112                  _T3CON = 0x112
                    0x0112                  _T3CONbits = 0x112
                    0x0114                  TMR4 = 0x114
                    0x0114                  _TMR4 = 0x114
                    0x0116                  TMR5HLD = 0x116
                    0x0116                  _TMR5HLD = 0x116
                    0x0118                  TMR5 = 0x118
                    0x0118                  _TMR5 = 0x118
                    0x011a                  PR4 = 0x11a
                    0x011a                  _PR4 = 0x11a
                    0x011c                  PR5 = 0x11c
                    0x011c                  _PR5 = 0x11c
                    0x011e                  T4CON = 0x11e
                    0x011e                  _T4CON = 0x11e
                    0x011e                  _T4CONbits = 0x11e
                    0x0120                  T5CON = 0x120
                    0x0120                  _T5CON = 0x120
                    0x0120                  _T5CONbits = 0x120
                    0x0140                  IC1CON1 = 0x140
                    0x0140                  _IC1CON1 = 0x140
                    0x0140                  _IC1CON1bits = 0x140
                    0x0142                  IC1CON2 = 0x142
                    0x0142                  _IC1CON2 = 0x142
                    0x0142                  _IC1CON2bits = 0x142
                    0x0144                  IC1BUF = 0x144
                    0x0144                  _IC1BUF = 0x144
                    0x0146                  IC1TMR = 0x146
                    0x0146                  _IC1TMR = 0x146
                    0x0148                  IC2CON1 = 0x148
                    0x0148                  _IC2CON1 = 0x148
                    0x0148                  _IC2CON1bits = 0x148
                    0x014a                  IC2CON2 = 0x14a
                    0x014a                  _IC2CON2 = 0x14a
                    0x014a                  _IC2CON2bits = 0x14a
                    0x014c                  IC2BUF = 0x14c
                    0x014c                  _IC2BUF = 0x14c
                    0x014e                  IC2TMR = 0x14e
                    0x014e                  _IC2TMR = 0x14e
                    0x0150                  IC3CON1 = 0x150
                    0x0150                  _IC3CON1 = 0x150
                    0x0150                  _IC3CON1bits = 0x150
                    0x0152                  IC3CON2 = 0x152
                    0x0152                  _IC3CON2 = 0x152
                    0x0152                  _IC3CON2bits = 0x152
                    0x0154                  IC3BUF = 0x154
                    0x0154                  _IC3BUF = 0x154
                    0x0156                  IC3TMR = 0x156
                    0x0156                  _IC3TMR = 0x156
                    0x0158                  IC4CON1 = 0x158
                    0x0158                  _IC4CON1 = 0x158
                    0x0158                  _IC4CON1bits = 0x158
                    0x015a                  IC4CON2 = 0x15a
                    0x015a                  _IC4CON2 = 0x15a
                    0x015a                  _IC4CON2bits = 0x15a
                    0x015c                  IC4BUF = 0x15c
                    0x015c                  _IC4BUF = 0x15c
                    0x015e                  IC4TMR = 0x15e
                    0x015e                  _IC4TMR = 0x15e
                    0x0160                  IC5CON1 = 0x160
                    0x0160                  _IC5CON1 = 0x160
                    0x0160                  _IC5CON1bits = 0x160
                    0x0162                  IC5CON2 = 0x162
                    0x0162                  _IC5CON2 = 0x162
                    0x0162                  _IC5CON2bits = 0x162
                    0x0164                  IC5BUF = 0x164
                    0x0164                  _IC5BUF = 0x164
                    0x0166                  IC5TMR = 0x166
                    0x0166                  _IC5TMR = 0x166
                    0x0190                  OC1CON1 = 0x190
                    0x0190                  _OC1CON1 = 0x190
                    0x0190                  _OC1CON1bits = 0x190
                    0x0192                  OC1CON2 = 0x192
                    0x0192                  _OC1CON2 = 0x192
                    0x0192                  _OC1CON2bits = 0x192
                    0x0194                  OC1RS = 0x194
                    0x0194                  _OC1RS = 0x194
                    0x0196                  OC1R = 0x196
                    0x0196                  _OC1R = 0x196
                    0x0198                  OC1TMR = 0x198
                    0x0198                  _OC1TMR = 0x198
                    0x019a                  OC2CON1 = 0x19a
                    0x019a                  _OC2CON1 = 0x19a
                    0x019a                  _OC2CON1bits = 0x19a
                    0x019c                  OC2CON2 = 0x19c
                    0x019c                  _OC2CON2 = 0x19c
                    0x019c                  _OC2CON2bits = 0x19c
                    0x019e                  OC2RS = 0x19e
                    0x019e                  _OC2RS = 0x19e
                    0x01a0                  OC2R = 0x1a0
                    0x01a0                  _OC2R = 0x1a0
                    0x01a2                  OC2TMR = 0x1a2
                    0x01a2                  _OC2TMR = 0x1a2
                    0x01a4                  OC3CON1 = 0x1a4
                    0x01a4                  _OC3CON1 = 0x1a4
                    0x01a4                  _OC3CON1bits = 0x1a4
                    0x01a6                  OC3CON2 = 0x1a6
                    0x01a6                  _OC3CON2 = 0x1a6
                    0x01a6                  _OC3CON2bits = 0x1a6
                    0x01a8                  OC3RS = 0x1a8
                    0x01a8                  _OC3RS = 0x1a8
                    0x01aa                  OC3R = 0x1aa
                    0x01aa                  _OC3R = 0x1aa
                    0x01ac                  OC3TMR = 0x1ac
                    0x01ac                  _OC3TMR = 0x1ac
                    0x01ae                  OC4CON1 = 0x1ae
                    0x01ae                  _OC4CON1 = 0x1ae
                    0x01ae                  _OC4CON1bits = 0x1ae
                    0x01b0                  OC4CON2 = 0x1b0
                    0x01b0                  _OC4CON2 = 0x1b0
                    0x01b0                  _OC4CON2bits = 0x1b0
                    0x01b2                  OC4RS = 0x1b2
                    0x01b2                  _OC4RS = 0x1b2
                    0x01b4                  OC4R = 0x1b4
                    0x01b4                  _OC4R = 0x1b4
                    0x01b6                  OC4TMR = 0x1b6
                    0x01b6                  _OC4TMR = 0x1b6
                    0x01b8                  OC5CON1 = 0x1b8
                    0x01b8                  _OC5CON1 = 0x1b8
                    0x01b8                  _OC5CON1bits = 0x1b8
                    0x01ba                  OC5CON2 = 0x1ba
                    0x01ba                  _OC5CON2 = 0x1ba
                    0x01ba                  _OC5CON2bits = 0x1ba
                    0x01bc                  OC5RS = 0x1bc
                    0x01bc                  _OC5RS = 0x1bc
                    0x01be                  OC5R = 0x1be
                    0x01be                  _OC5R = 0x1be
                    0x01c0                  OC5TMR = 0x1c0
                    0x01c0                  _OC5TMR = 0x1c0
                    0x0200                  I2C1RCV = 0x200
                    0x0200                  _I2C1RCV = 0x200
                    0x0202                  I2C1TRN = 0x202
                    0x0202                  _I2C1TRN = 0x202
                    0x0204                  I2C1BRG = 0x204
                    0x0204                  _I2C1BRG = 0x204
                    0x0206                  I2C1CON = 0x206
                    0x0206                  _I2C1CON = 0x206
                    0x0206                  _I2C1CONbits = 0x206
                    0x0208                  I2C1STAT = 0x208
                    0x0208                  _I2C1STAT = 0x208
                    0x0208                  _I2C1STATbits = 0x208
                    0x020a                  I2C1ADD = 0x20a
                    0x020a                  _I2C1ADD = 0x20a
                    0x020c                  I2C1MSK = 0x20c
                    0x020c                  _I2C1MSK = 0x20c
                    0x0210                  I2C2RCV = 0x210
                    0x0210                  _I2C2RCV = 0x210
                    0x0212                  I2C2TRN = 0x212
                    0x0212                  _I2C2TRN = 0x212
                    0x0214                  I2C2BRG = 0x214
                    0x0214                  _I2C2BRG = 0x214
                    0x0216                  I2C2CON = 0x216
                    0x0216                  _I2C2CON = 0x216
                    0x0216                  _I2C2CONbits = 0x216
                    0x0218                  I2C2STAT = 0x218
                    0x0218                  _I2C2STAT = 0x218
                    0x0218                  _I2C2STATbits = 0x218
                    0x021a                  I2C2ADD = 0x21a
                    0x021a                  _I2C2ADD = 0x21a
                    0x021c                  I2C2MSK = 0x21c
                    0x021c                  _I2C2MSK = 0x21c
                    0x0220                  U1MODE = 0x220
                    0x0220                  _U1MODE = 0x220
                    0x0220                  _U1MODEbits = 0x220
                    0x0222                  U1STA = 0x222
                    0x0222                  _U1STA = 0x222
                    0x0222                  _U1STAbits = 0x222
                    0x0224                  U1TXREG = 0x224
                    0x0224                  _U1TXREG = 0x224
                    0x0224                  _U1TXREGbits = 0x224
                    0x0226                  U1RXREG = 0x226
                    0x0226                  _U1RXREG = 0x226
                    0x0226                  _U1RXREGbits = 0x226
                    0x0228                  U1BRG = 0x228
                    0x0228                  _U1BRG = 0x228
                    0x0230                  U2MODE = 0x230
                    0x0230                  _U2MODE = 0x230
                    0x0230                  _U2MODEbits = 0x230
                    0x0232                  U2STA = 0x232
                    0x0232                  _U2STA = 0x232
                    0x0232                  _U2STAbits = 0x232
                    0x0234                  U2TXREG = 0x234
                    0x0234                  _U2TXREG = 0x234
                    0x0234                  _U2TXREGbits = 0x234
                    0x0236                  U2RXREG = 0x236
                    0x0236                  _U2RXREG = 0x236
                    0x0236                  _U2RXREGbits = 0x236
                    0x0238                  U2BRG = 0x238
                    0x0238                  _U2BRG = 0x238
                    0x0240                  SPI1STAT = 0x240
                    0x0240                  _SPI1STAT = 0x240
                    0x0240                  _SPI1STATbits = 0x240
                    0x0242                  SPI1CON1 = 0x242
                    0x0242                  _SPI1CON1 = 0x242
                    0x0242                  _SPI1CON1bits = 0x242
                    0x0244                  SPI1CON2 = 0x244
                    0x0244                  _SPI1CON2 = 0x244
                    0x0244                  _SPI1CON2bits = 0x244
                    0x0248                  SPI1BUF = 0x248
                    0x0248                  _SPI1BUF = 0x248
                    0x0260                  SPI2STAT = 0x260
                    0x0260                  _SPI2STAT = 0x260
                    0x0260                  _SPI2STATbits = 0x260
                    0x0262                  SPI2CON1 = 0x262
                    0x0262                  _SPI2CON1 = 0x262
                    0x0262                  _SPI2CON1bits = 0x262
                    0x0264                  SPI2CON2 = 0x264
                    0x0264                  _SPI2CON2 = 0x264
                    0x0264                  _SPI2CON2bits = 0x264
                    0x0268                  SPI2BUF = 0x268
                    0x0268                  _SPI2BUF = 0x268
                    0x02c0                  TRISA = 0x2c0
                    0x02c0                  _TRISA = 0x2c0
                    0x02c0                  _TRISAbits = 0x2c0
                    0x02c2                  PORTA = 0x2c2
                    0x02c2                  _PORTA = 0x2c2
                    0x02c2                  _PORTAbits = 0x2c2
                    0x02c4                  LATA = 0x2c4
                    0x02c4                  _LATA = 0x2c4
                    0x02c4                  _LATAbits = 0x2c4
                    0x02c6                  ODCA = 0x2c6
                    0x02c6                  _ODCA = 0x2c6
                    0x02c6                  _ODCAbits = 0x2c6
                    0x02c8                  TRISB = 0x2c8
                    0x02c8                  _TRISB = 0x2c8
                    0x02c8                  _TRISBbits = 0x2c8
                    0x02ca                  PORTB = 0x2ca
                    0x02ca                  _PORTB = 0x2ca
                    0x02ca                  _PORTBbits = 0x2ca
                    0x02cc                  LATB = 0x2cc
                    0x02cc                  _LATB = 0x2cc
                    0x02cc                  _LATBbits = 0x2cc
                    0x02ce                  ODCB = 0x2ce
                    0x02ce                  _ODCB = 0x2ce
                    0x02ce                  _ODCBbits = 0x2ce
                    0x02d0                  TRISC = 0x2d0
                    0x02d0                  _TRISC = 0x2d0
                    0x02d0                  _TRISCbits = 0x2d0
                    0x02d2                  PORTC = 0x2d2
                    0x02d2                  _PORTC = 0x2d2
                    0x02d2                  _PORTCbits = 0x2d2
                    0x02d4                  LATC = 0x2d4
                    0x02d4                  _LATC = 0x2d4
                    0x02d4                  _LATCbits = 0x2d4
                    0x02d6                  ODCC = 0x2d6
                    0x02d6                  _ODCC = 0x2d6
                    0x02d6                  _ODCCbits = 0x2d6
                    0x02fc                  PADCFG1 = 0x2fc
                    0x02fc                  _PADCFG1 = 0x2fc
                    0x02fc                  _PADCFG1bits = 0x2fc
                    0x0300                  ADC1BUF0 = 0x300
                    0x0300                  _ADC1BUF0 = 0x300
                    0x0302                  ADC1BUF1 = 0x302
                    0x0302                  _ADC1BUF1 = 0x302
                    0x0304                  ADC1BUF2 = 0x304
                    0x0304                  _ADC1BUF2 = 0x304
                    0x0306                  ADC1BUF3 = 0x306
                    0x0306                  _ADC1BUF3 = 0x306
                    0x0308                  ADC1BUF4 = 0x308
                    0x0308                  _ADC1BUF4 = 0x308
                    0x030a                  ADC1BUF5 = 0x30a
                    0x030a                  _ADC1BUF5 = 0x30a
                    0x030c                  ADC1BUF6 = 0x30c
                    0x030c                  _ADC1BUF6 = 0x30c
                    0x030e                  ADC1BUF7 = 0x30e
                    0x030e                  _ADC1BUF7 = 0x30e
                    0x0310                  ADC1BUF8 = 0x310
                    0x0310                  _ADC1BUF8 = 0x310
                    0x0312                  ADC1BUF9 = 0x312
                    0x0312                  _ADC1BUF9 = 0x312
                    0x0314                  ADC1BUFA = 0x314
                    0x0314                  _ADC1BUFA = 0x314
                    0x0316                  ADC1BUFB = 0x316
                    0x0316                  _ADC1BUFB = 0x316
                    0x0318                  ADC1BUFC = 0x318
                    0x0318                  _ADC1BUFC = 0x318
                    0x031a                  ADC1BUFD = 0x31a
                    0x031a                  _ADC1BUFD = 0x31a
                    0x031c                  ADC1BUFE = 0x31c
                    0x031c                  _ADC1BUFE = 0x31c
                    0x031e                  ADC1BUFF = 0x31e
                    0x031e                  _ADC1BUFF = 0x31e
                    0x0320                  AD1CON1 = 0x320
                    0x0320                  _AD1CON1 = 0x320
                    0x0320                  _AD1CON1bits = 0x320
                    0x0322                  AD1CON2 = 0x322
                    0x0322                  _AD1CON2 = 0x322
                    0x0322                  _AD1CON2bits = 0x322
                    0x0324                  AD1CON3 = 0x324
                    0x0324                  _AD1CON3 = 0x324
                    0x0324                  _AD1CON3bits = 0x324
                    0x0328                  AD1CHS = 0x328
                    0x0328                  _AD1CHS = 0x328
                    0x0328                  _AD1CHSbits = 0x328
                    0x0328                  AD1CHS0 = 0x328
                    0x0328                  _AD1CHS0 = 0x328
                    0x0328                  _AD1CHS0bits = 0x328
                    0x032c                  AD1PCFG = 0x32c
                    0x032c                  _AD1PCFG = 0x32c
                    0x032c                  _AD1PCFGbits = 0x32c
                    0x032c                  AD1PCFGL = 0x32c
                    0x032c                  _AD1PCFGL = 0x32c
                    0x032c                  _AD1PCFGLbits = 0x32c
                    0x0330                  AD1CSSL = 0x330
                    0x0330                  _AD1CSSL = 0x330
                    0x0330                  _AD1CSSLbits = 0x330
                    0x033c                  CTMUCON = 0x33c
                    0x033c                  _CTMUCON = 0x33c
                    0x033c                  _CTMUCONbits = 0x33c
                    0x033e                  CTMUICON = 0x33e
                    0x033e                  _CTMUICON = 0x33e
                    0x033e                  _CTMUICONbits = 0x33e
                    0x0480                  U1OTGIR = 0x480
                    0x0480                  _U1OTGIR = 0x480
                    0x0480                  _U1OTGIRbits = 0x480
                    0x0482                  U1OTGIE = 0x482
                    0x0482                  _U1OTGIE = 0x482
                    0x0482                  _U1OTGIEbits = 0x482
                    0x0484                  U1OTGSTAT = 0x484
                    0x0484                  _U1OTGSTAT = 0x484
                    0x0484                  _U1OTGSTATbits = 0x484
                    0x0486                  U1OTGCON = 0x486
                    0x0486                  _U1OTGCON = 0x486
                    0x0486                  _U1OTGCONbits = 0x486
                    0x0488                  U1PWRC = 0x488
                    0x0488                  _U1PWRC = 0x488
                    0x0488                  _U1PWRCbits = 0x488
                    0x048a                  U1IR = 0x48a
                    0x048a                  _U1IR = 0x48a
                    0x048a                  _U1IRbits = 0x48a
                    0x048c                  U1IE = 0x48c
                    0x048c                  _U1IE = 0x48c
                    0x048c                  _U1IEbits = 0x48c
                    0x048e                  U1EIR = 0x48e
                    0x048e                  _U1EIR = 0x48e
                    0x048e                  _U1EIRbits = 0x48e
                    0x0490                  U1EIE = 0x490
                    0x0490                  _U1EIE = 0x490
                    0x0490                  _U1EIEbits = 0x490
                    0x0492                  U1STAT = 0x492
                    0x0492                  _U1STAT = 0x492
                    0x0492                  _U1STATbits = 0x492
                    0x0494                  U1CON = 0x494
                    0x0494                  _U1CON = 0x494
                    0x0494                  _U1CONbits = 0x494
                    0x0496                  U1ADDR = 0x496
                    0x0496                  _U1ADDR = 0x496
                    0x0496                  _U1ADDRbits = 0x496
                    0x0498                  U1BDTP1 = 0x498
                    0x0498                  _U1BDTP1 = 0x498
                    0x0498                  _U1BDTP1bits = 0x498
                    0x049a                  U1FRML = 0x49a
                    0x049a                  _U1FRML = 0x49a
                    0x049a                  _U1FRMLbits = 0x49a
                    0x049c                  U1FRMH = 0x49c
                    0x049c                  _U1FRMH = 0x49c
                    0x049c                  _U1FRMHbits = 0x49c
                    0x049e                  U1TOK = 0x49e
                    0x049e                  _U1TOK = 0x49e
                    0x049e                  _U1TOKbits = 0x49e
                    0x04a0                  U1SOF = 0x4a0
                    0x04a0                  _U1SOF = 0x4a0
                    0x04a0                  _U1SOFbits = 0x4a0
                    0x04a6                  U1CNFG1 = 0x4a6
                    0x04a6                  _U1CNFG1 = 0x4a6
                    0x04a6                  _U1CNFG1bits = 0x4a6
                    0x04a8                  U1CNFG2 = 0x4a8
                    0x04a8                  _U1CNFG2 = 0x4a8
                    0x04a8                  _U1CNFG2bits = 0x4a8
                    0x04aa                  U1EP0 = 0x4aa
                    0x04aa                  _U1EP0 = 0x4aa
                    0x04aa                  _U1EP0bits = 0x4aa
                    0x04ac                  U1EP1 = 0x4ac
                    0x04ac                  _U1EP1 = 0x4ac
                    0x04ac                  _U1EP1bits = 0x4ac
                    0x04ae                  U1EP2 = 0x4ae
                    0x04ae                  _U1EP2 = 0x4ae
                    0x04ae                  _U1EP2bits = 0x4ae
                    0x04b0                  U1EP3 = 0x4b0
                    0x04b0                  _U1EP3 = 0x4b0
                    0x04b0                  _U1EP3bits = 0x4b0
                    0x04b2                  U1EP4 = 0x4b2
                    0x04b2                  _U1EP4 = 0x4b2
                    0x04b2                  _U1EP4bits = 0x4b2
                    0x04b4                  U1EP5 = 0x4b4
                    0x04b4                  _U1EP5 = 0x4b4
                    0x04b4                  _U1EP5bits = 0x4b4
                    0x04b6                  U1EP6 = 0x4b6
                    0x04b6                  _U1EP6 = 0x4b6
                    0x04b6                  _U1EP6bits = 0x4b6
                    0x04b8                  U1EP7 = 0x4b8
                    0x04b8                  _U1EP7 = 0x4b8
                    0x04b8                  _U1EP7bits = 0x4b8
                    0x04ba                  U1EP8 = 0x4ba
                    0x04ba                  _U1EP8 = 0x4ba
                    0x04ba                  _U1EP8bits = 0x4ba
                    0x04bc                  U1EP9 = 0x4bc
                    0x04bc                  _U1EP9 = 0x4bc
                    0x04bc                  _U1EP9bits = 0x4bc
                    0x04be                  U1EP10 = 0x4be
                    0x04be                  _U1EP10 = 0x4be
                    0x04be                  _U1EP10bits = 0x4be
                    0x04c0                  U1EP11 = 0x4c0
                    0x04c0                  _U1EP11 = 0x4c0
                    0x04c0                  _U1EP11bits = 0x4c0
                    0x04c2                  U1EP12 = 0x4c2
                    0x04c2                  _U1EP12 = 0x4c2
                    0x04c2                  _U1EP12bits = 0x4c2
                    0x04c4                  U1EP13 = 0x4c4
                    0x04c4                  _U1EP13 = 0x4c4
                    0x04c4                  _U1EP13bits = 0x4c4
                    0x04c6                  U1EP14 = 0x4c6
                    0x04c6                  _U1EP14 = 0x4c6
                    0x04c6                  _U1EP14bits = 0x4c6
                    0x04c8                  U1EP15 = 0x4c8
                    0x04c8                  _U1EP15 = 0x4c8
                    0x04c8                  _U1EP15bits = 0x4c8
                    0x04cc                  U1PWMRRS = 0x4cc
                    0x04cc                  _U1PWMRRS = 0x4cc
                    0x04cc                  _U1PWMRRSbits = 0x4cc
                    0x04ce                  U1PWMCON = 0x4ce
                    0x04ce                  _U1PWMCON = 0x4ce
                    0x04ce                  _U1PWMCONbits = 0x4ce
                    0x0600                  PMCON = 0x600
                    0x0600                  _PMCON = 0x600
                    0x0600                  _PMCONbits = 0x600
                    0x0602                  PMMODE = 0x602
                    0x0602                  _PMMODE = 0x602
                    0x0602                  _PMMODEbits = 0x602
                    0x0604                  PMADDR = 0x604
                    0x0604                  _PMADDR = 0x604
                    0x0604                  _PMADDRbits = 0x604
                    0x0604                  PMDOUT1 = 0x604
                    0x0604                  _PMDOUT1 = 0x604
                    0x0604                  _PMDOUT1bits = 0x604
                    0x0606                  PMDOUT2 = 0x606
                    0x0606                  _PMDOUT2 = 0x606
                    0x0608                  PMDIN1 = 0x608
                    0x0608                  _PMDIN1 = 0x608
                    0x060a                  PMDIN2 = 0x60a
                    0x060a                  _PMDIN2 = 0x60a
                    0x060c                  PMAEN = 0x60c
                    0x060c                  _PMAEN = 0x60c
                    0x060c                  _PMAENbits = 0x60c
                    0x060e                  PMSTAT = 0x60e
                    0x060e                  _PMSTAT = 0x60e
                    0x060e                  _PMSTATbits = 0x60e
                    0x0620                  ALRMVAL = 0x620
                    0x0620                  _ALRMVAL = 0x620
                    0x0622                  ALCFGRPT = 0x622
                    0x0622                  _ALCFGRPT = 0x622
                    0x0622                  _ALCFGRPTbits = 0x622
                    0x0624                  RTCVAL = 0x624
                    0x0624                  _RTCVAL = 0x624
                    0x0626                  RCFGCAL = 0x626
                    0x0626                  _RCFGCAL = 0x626
                    0x0626                  _RCFGCALbits = 0x626
                    0x0640                  CRCCON = 0x640
                    0x0640                  _CRCCON = 0x640
                    0x0640                  _CRCCONbits = 0x640
                    0x0640                  CRCCON1 = 0x640
                    0x0640                  _CRCCON1 = 0x640
                    0x0640                  _CRCCON1bits = 0x640
                    0x0642                  CRCCON2 = 0x642
                    0x0642                  _CRCCON2 = 0x642
                    0x0642                  _CRCCON2bits = 0x642
                    0x0644                  CRCXOR = 0x644
                    0x0644                  _CRCXOR = 0x644
                    0x0644                  _CRCXORbits = 0x644
                    0x0644                  CRCXORL = 0x644
                    0x0644                  _CRCXORL = 0x644
                    0x0644                  _CRCXORLbits = 0x644
                    0x0646                  CRCXORH = 0x646
                    0x0646                  _CRCXORH = 0x646
                    0x0646                  _CRCXORHbits = 0x646
                    0x0648                  CRCDAT = 0x648
                    0x0648                  _CRCDAT = 0x648
                    0x0648                  CRCDAT32 = 0x648
                    0x0648                  _CRCDAT32 = 0x648
                    0x0648                  CRCDAT8 = 0x648
                    0x0648                  _CRCDAT8 = 0x648
                    0x0648                  CRCDATL = 0x648
                    0x0648                  _CRCDATL = 0x648
                    0x064a                  CRCDATH = 0x64a
                    0x064a                  _CRCDATH = 0x64a
                    0x064c                  CRCWDAT = 0x64c
                    0x064c                  _CRCWDAT = 0x64c
                    0x064c                  CRCWDATL = 0x64c
                    0x064c                  _CRCWDATL = 0x64c
                    0x064e                  CRCWDATH = 0x64e
                    0x064e                  _CRCWDATH = 0x64e
                    0x0650                  CMSTAT = 0x650
                    0x0650                  _CMSTAT = 0x650
                    0x0650                  _CMSTATbits = 0x650
                    0x0652                  CVRCON = 0x652
                    0x0652                  _CVRCON = 0x652
                    0x0652                  _CVRCONbits = 0x652
                    0x0654                  CM1CON = 0x654
                    0x0654                  _CM1CON = 0x654
                    0x0654                  _CM1CONbits = 0x654
                    0x065c                  CM2CON = 0x65c
                    0x065c                  _CM2CON = 0x65c
                    0x065c                  _CM2CONbits = 0x65c
                    0x0664                  CM3CON = 0x664
                    0x0664                  _CM3CON = 0x664
                    0x0664                  _CM3CONbits = 0x664
                    0x0680                  RPINR0 = 0x680
                    0x0680                  _RPINR0 = 0x680
                    0x0680                  _RPINR0bits = 0x680
                    0x0682                  RPINR1 = 0x682
                    0x0682                  _RPINR1 = 0x682
                    0x0682                  _RPINR1bits = 0x682
                    0x0686                  RPINR3 = 0x686
                    0x0686                  _RPINR3 = 0x686
                    0x0686                  _RPINR3bits = 0x686
                    0x0688                  RPINR4 = 0x688
                    0x0688                  _RPINR4 = 0x688
                    0x0688                  _RPINR4bits = 0x688
                    0x068e                  RPINR7 = 0x68e
                    0x068e                  _RPINR7 = 0x68e
                    0x068e                  _RPINR7bits = 0x68e
                    0x0690                  RPINR8 = 0x690
                    0x0690                  _RPINR8 = 0x690
                    0x0690                  _RPINR8bits = 0x690
                    0x0692                  RPINR9 = 0x692
                    0x0692                  _RPINR9 = 0x692
                    0x0692                  _RPINR9bits = 0x692
                    0x0696                  RPINR11 = 0x696
                    0x0696                  _RPINR11 = 0x696
                    0x0696                  _RPINR11bits = 0x696
                    0x06a4                  RPINR18 = 0x6a4
                    0x06a4                  _RPINR18 = 0x6a4
                    0x06a4                  _RPINR18bits = 0x6a4
                    0x06a6                  RPINR19 = 0x6a6
                    0x06a6                  _RPINR19 = 0x6a6
                    0x06a6                  _RPINR19bits = 0x6a6
                    0x06a8                  RPINR20 = 0x6a8
                    0x06a8                  _RPINR20 = 0x6a8
                    0x06a8                  _RPINR20bits = 0x6a8
                    0x06aa                  RPINR21 = 0x6aa
                    0x06aa                  _RPINR21 = 0x6aa
                    0x06aa                  _RPINR21bits = 0x6aa
                    0x06ac                  RPINR22 = 0x6ac
                    0x06ac                  _RPINR22 = 0x6ac
                    0x06ac                  _RPINR22bits = 0x6ac
                    0x06ae                  RPINR23 = 0x6ae
                    0x06ae                  _RPINR23 = 0x6ae
                    0x06ae                  _RPINR23bits = 0x6ae
                    0x06c0                  RPOR0 = 0x6c0
                    0x06c0                  _RPOR0 = 0x6c0
                    0x06c0                  _RPOR0bits = 0x6c0
                    0x06c2                  RPOR1 = 0x6c2
                    0x06c2                  _RPOR1 = 0x6c2
                    0x06c2                  _RPOR1bits = 0x6c2
                    0x06c4                  RPOR2 = 0x6c4
                    0x06c4                  _RPOR2 = 0x6c4
                    0x06c4                  _RPOR2bits = 0x6c4
                    0x06c6                  RPOR3 = 0x6c6
                    0x06c6                  _RPOR3 = 0x6c6
                    0x06c6                  _RPOR3bits = 0x6c6
                    0x06c8                  RPOR4 = 0x6c8
                    0x06c8                  _RPOR4 = 0x6c8
                    0x06c8                  _RPOR4bits = 0x6c8
                    0x06ca                  RPOR5 = 0x6ca
                    0x06ca                  _RPOR5 = 0x6ca
                    0x06ca                  _RPOR5bits = 0x6ca
                    0x06cc                  RPOR6 = 0x6cc
                    0x06cc                  _RPOR6 = 0x6cc
                    0x06cc                  _RPOR6bits = 0x6cc
                    0x06ce                  RPOR7 = 0x6ce
                    0x06ce                  _RPOR7 = 0x6ce
                    0x06ce                  _RPOR7bits = 0x6ce
                    0x06d0                  RPOR8 = 0x6d0
                    0x06d0                  _RPOR8 = 0x6d0
                    0x06d0                  _RPOR8bits = 0x6d0
                    0x06d2                  RPOR9 = 0x6d2
                    0x06d2                  _RPOR9 = 0x6d2
                    0x06d2                  _RPOR9bits = 0x6d2
                    0x06d4                  RPOR10 = 0x6d4
                    0x06d4                  _RPOR10 = 0x6d4
                    0x06d4                  _RPOR10bits = 0x6d4
                    0x06d6                  RPOR11 = 0x6d6
                    0x06d6                  _RPOR11 = 0x6d6
                    0x06d6                  _RPOR11bits = 0x6d6
                    0x06d8                  RPOR12 = 0x6d8
                    0x06d8                  _RPOR12 = 0x6d8
                    0x06d8                  _RPOR12bits = 0x6d8
                    0x0740                  RCON = 0x740
                    0x0740                  _RCON = 0x740
                    0x0740                  _RCONbits = 0x740
                    0x0742                  OSCCON = 0x742
                    0x0742                  _OSCCON = 0x742
                    0x0742                  _OSCCONbits = 0x742
                    0x0742                  OSCCONL = 0x742
                    0x0742                  _OSCCONL = 0x742
                    0x0743                  OSCCONH = 0x743
                    0x0743                  _OSCCONH = 0x743
                    0x0744                  CLKDIV = 0x744
                    0x0744                  _CLKDIV = 0x744
                    0x0744                  _CLKDIVbits = 0x744
                    0x0748                  OSCTUN = 0x748
                    0x0748                  _OSCTUN = 0x748
                    0x0748                  _OSCTUNbits = 0x748
                    0x074e                  REFOCON = 0x74e
                    0x074e                  _REFOCON = 0x74e
                    0x074e                  _REFOCONbits = 0x74e
                    0x0758                  DSCON = 0x758
                    0x0758                  _DSCON = 0x758
                    0x0758                  _DSCONbits = 0x758
                    0x075a                  DSWAKE = 0x75a
                    0x075a                  _DSWAKE = 0x75a
                    0x075a                  _DSWAKEbits = 0x75a
                    0x075c                  DSGPR0 = 0x75c
                    0x075c                  _DSGPR0 = 0x75c
                    0x075c                  _DSGPR0bits = 0x75c
                    0x075e                  DSGPR1 = 0x75e
                    0x075e                  _DSGPR1 = 0x75e
                    0x075e                  _DSGPR1bits = 0x75e
                    0x0760                  NVMCON = 0x760
                    0x0760                  _NVMCON = 0x760
                    0x0760                  _NVMCONbits = 0x760
                    0x0766                  NVMKEY = 0x766
                    0x0766                  _NVMKEY = 0x766
                    0x0770                  PMD1 = 0x770
                    0x0770                  _PMD1 = 0x770
                    0x0770                  _PMD1bits = 0x770
                    0x0772                  PMD2 = 0x772
                    0x0772                  _PMD2 = 0x772
                    0x0772                  _PMD2bits = 0x772
                    0x0774                  PMD3 = 0x774
                    0x0774                  _PMD3 = 0x774
                    0x0774                  _PMD3bits = 0x774
                    0x0776                  PMD4 = 0x776
                    0x0776                  _PMD4 = 0x776
                    0x0776                  _PMD4bits = 0x776
                    0x0144                  IC1 = 0x144
                    0x0144                  _IC1 = 0x144
                    0x014c                  IC2 = 0x14c
                    0x014c                  _IC2 = 0x14c
                    0x0154                  IC3 = 0x154
                    0x0154                  _IC3 = 0x154
                    0x015c                  IC4 = 0x15c
                    0x015c                  _IC4 = 0x15c
                    0x0164                  IC5 = 0x164
                    0x0164                  _IC5 = 0x164
                    0x0194                  OC1 = 0x194
                    0x0194                  _OC1 = 0x194
                    0x019e                  OC2 = 0x19e
                    0x019e                  _OC2 = 0x19e
                    0x01a8                  OC3 = 0x1a8
                    0x01a8                  _OC3 = 0x1a8
                    0x01b2                  OC4 = 0x1b2
                    0x01b2                  _OC4 = 0x1b2
                    0x01bc                  OC5 = 0x1bc
                    0x01bc                  _OC5 = 0x1bc
                    0x0240                  SPI1 = 0x240
                    0x0240                  _SPI1 = 0x240
                    0x0260                  SPI2 = 0x260
                    0x0260                  _SPI2 = 0x260
                    0x0220                  UART1 = 0x220
                    0x0220                  _UART1 = 0x220
                    0x0230                  UART2 = 0x230
                    0x0230                  _UART2 = 0x230
START GROUP
LOAD c:/program files (x86)/microchip/xc16/v1.31/bin/bin/../../lib\libpic30-elf.a
LOAD c:/program files (x86)/microchip/xc16/v1.31/bin/bin/../../lib\libm-elf.a
LOAD c:/program files (x86)/microchip/xc16/v1.31/bin/bin/../../lib\libc-elf.a
END GROUP
OUTPUT(dist/XC16_24FJ256GA110/production/HYDRAS.X.production.elf elf32-pic30)
LOAD heap
LOAD data_init

.debug_pubtypes
                  0x0000d8        0x836
 .debug_pubtypes
                  0x0000d8         0x12 build/XC16_24FJ256GA110/production/configuration_bits.o
 .debug_pubtypes
                  0x0000ea         0xfa build/XC16_24FJ256GA110/production/interrupts.o
 .debug_pubtypes
                  0x0001e4         0xaf build/XC16_24FJ256GA110/production/main.o
 .debug_pubtypes
                  0x000293        0x328 build/XC16_24FJ256GA110/production/system.o
 .debug_pubtypes
                  0x0005bb         0x35 build/XC16_24FJ256GA110/production/traps.o
 .debug_pubtypes
                  0x0005f0         0x12 build/XC16_24FJ256GA110/production/user.o
 .debug_pubtypes
                  0x000602         0x6c build/XC16_24FJ256GA110/production/circularBuffer.o
 .debug_pubtypes
                  0x00066e        0x250 build/XC16_24FJ256GA110/production/packetCom.o
 .debug_pubtypes
                  0x0008be         0x1a build/XC16_24FJ256GA110/production/crc.o
 .debug_pubtypes
                  0x0008d8         0x36 build/XC16_24FJ256GA110/production/DOA.o

__c30_signature
                  0x00090e         0xa8
 __c30_signature
                  0x00090e          0x6 build/XC16_24FJ256GA110/production/configuration_bits.o
 __c30_signature
                  0x000914          0x6 build/XC16_24FJ256GA110/production/interrupts.o
 __c30_signature
                  0x00091a          0x6 build/XC16_24FJ256GA110/production/main.o
 __c30_signature
                  0x000920          0x6 build/XC16_24FJ256GA110/production/system.o
 __c30_signature
                  0x000926          0x6 build/XC16_24FJ256GA110/production/traps.o
 __c30_signature
                  0x00092c          0x6 build/XC16_24FJ256GA110/production/user.o
 __c30_signature
                  0x000932          0x6 build/XC16_24FJ256GA110/production/circularBuffer.o
 __c30_signature
                  0x000938          0x6 build/XC16_24FJ256GA110/production/packetCom.o
 __c30_signature
                  0x00093e          0x6 build/XC16_24FJ256GA110/production/crc.o
 __c30_signature
                  0x000944          0x6 build/XC16_24FJ256GA110/production/DOA.o
 __c30_signature
                  0x00094a          0x6 build/XC16_24FJ256GA110/production/direction.o
 __c30_signature
                  0x000950          0x6 c:/program files (x86)/microchip/xc16/v1.31/bin/bin/../../lib/PIC24F\libpPIC24Fxxx-elf.a(ReadUART2.o)
 __c30_signature
                  0x000956          0x6 c:/program files (x86)/microchip/xc16/v1.31/bin/bin/../../lib\libpic30-elf.a(crt0_standard.o)
 __c30_signature
                  0x00095c          0x6 c:/program files (x86)/microchip/xc16/v1.31/bin/bin/../../lib\libpic30-elf.a(data_init_standard.o)
 __c30_signature
                  0x000962          0x6 c:/program files (x86)/microchip/xc16/v1.31/bin/bin/../../lib\libm-elf.a(addsf3.eo)
 __c30_signature
                  0x000968          0x6 c:/program files (x86)/microchip/xc16/v1.31/bin/bin/../../lib\libm-elf.a(fixsfsi.eo)
 __c30_signature
                  0x00096e          0x6 c:/program files (x86)/microchip/xc16/v1.31/bin/bin/../../lib\libm-elf.a(fixunssfsi.eo)
 __c30_signature
                  0x000974          0x6 c:/program files (x86)/microchip/xc16/v1.31/bin/bin/../../lib\libm-elf.a(floatsisf.eo)
 __c30_signature
                  0x00097a          0x6 c:/program files (x86)/microchip/xc16/v1.31/bin/bin/../../lib\libm-elf.a(fpack.eo)
 __c30_signature
                  0x000980          0x6 c:/program files (x86)/microchip/xc16/v1.31/bin/bin/../../lib\libm-elf.a(funpack.eo)
 __c30_signature
                  0x000986          0x6 c:/program files (x86)/microchip/xc16/v1.31/bin/bin/../../lib\libm-elf.a(funpack2.eo)
 __c30_signature
                  0x00098c          0x6 c:/program files (x86)/microchip/xc16/v1.31/bin/bin/../../lib\libm-elf.a(futil.eo)
 __c30_signature
                  0x000992          0x6 c:/program files (x86)/microchip/xc16/v1.31/bin/bin/../../lib\libm-elf.a(floatdisf.eo)
 __c30_signature
                  0x000998          0x6 c:/program files (x86)/microchip/xc16/v1.31/bin/bin/../../lib\libm-elf.a(floatundisf.eo)
 __c30_signature
                  0x00099e          0x6 c:/program files (x86)/microchip/xc16/v1.31/bin/bin/../../lib\libc-elf.a(malloc.eo)
 __c30_signature
                  0x0009a4          0x6 c:/program files (x86)/microchip/xc16/v1.31/bin/bin/../../lib\libc-elf.a(memcpy.eo)
 __c30_signature
                  0x0009aa          0x6 c:/program files (x86)/microchip/xc16/v1.31/bin/bin/../../lib\libpic30-elf.a(sbrk.eo)
 __c30_signature
                  0x0009b0          0x6 c:/program files (x86)/microchip/xc16/v1.31/bin/bin/../../lib\libpic30-elf.a(brk.elo)

.nbss               0x0800         0x3c
 .nbss              0x0800         0x20 build/XC16_24FJ256GA110/production/main.o
                    0x0800                  _msTicks
                    0x0804                  _ReceiveBuffer
                    0x0806                  _TransmitBuffer
                    0x0808                  _Heading1
                    0x080a                  _AOI1
                    0x080c                  _Confidence1
                    0x080e                  _Heading2
                    0x0810                  _AOI2
                    0x0812                  _Confidence2
                    0x0814                  _H1
                    0x0816                  _H2
                    0x0818                  _H3
                    0x081a                  _H4
                    0x081c                  _SpeedofSound
                    0x081e                  _FilterDuty
                    0x081f                  _FilterPeriod
 .nbss              0x0820         0x1c build/XC16_24FJ256GA110/production/DOA.o
                    0x0820                  _markA
                    0x0822                  _markB
                    0x0824                  _deadtimeA
                    0x0828                  _deadtimeB
                    0x082c                  _BearingThreshA
                    0x0830                  _BearingThreshB
                    0x0834                  _pingtrackerBearing
                    0x0838                  _BearingphaseshiftA
                    0x083a                  _BearingphaseshiftB

.ndata              0x083c          0xc
 .ndata             0x083c          0xc build/XC16_24FJ256GA110/production/DOA.o
                    0x083c                  _BearingholderThreshold
                    0x0840                  _PingtrackerThreshold
                    0x0844                  _BearingElementNumberA
                    0x0846                  _BearingElementNumberB

.nbss               0x0848          0x8
 .nbss              0x0848          0x4 build/XC16_24FJ256GA110/production/interrupts.o
                    0x0848                  _flag
                    0x0849                  _sampleflag
 .nbss              0x084c          0x4 build/XC16_24FJ256GA110/production/packetCom.o

.ndata              0x0850          0x2
 .ndata             0x0850          0x2 build/XC16_24FJ256GA110/production/main.o
                    0x0850                  _PingerFreq

.bss                0x0852        0x422
 .bss               0x0852        0x400 build/XC16_24FJ256GA110/production/crc.o
                    0x0852                  _crcTable
 .bss               0x0c52         0x10 build/XC16_24FJ256GA110/production/packetCom.o
 .bss               0x0c62         0x10 c:/program files (x86)/microchip/xc16/v1.31/bin/bin/../../lib\libc-elf.a(malloc.eo)
                    0x0c62                  ___allocs
                    0x0c6a                  ___allocp
                    0x0c6c                  ___alloct
                    0x0c6e                  ___allocx
 .bss               0x0c72          0x2 c:/program files (x86)/microchip/xc16/v1.31/bin/bin/../../lib\libpic30-elf.a(brk.elo)
                    0x0c72                  ___curbrk

.heap               0x0c74        0x800
 .heap              0x0c74        0x800 heap

.ivt._T3Interrupt
                  0x000024          0x2
 .ivt._T3Interrupt
                  0x000024          0x2 build/XC16_24FJ256GA110/production/interrupts.o

.ivt._U2RXInterrupt
                  0x000050          0x2
 .ivt._U2RXInterrupt
                  0x000050          0x2 build/XC16_24FJ256GA110/production/interrupts.o

.ivt._U2TXInterrupt
                  0x000052          0x2
 .ivt._U2TXInterrupt
                  0x000052          0x2 build/XC16_24FJ256GA110/production/interrupts.o

.ivt._ADC1Interrupt
                  0x00002e          0x2
 .ivt._ADC1Interrupt
                  0x00002e          0x2 build/XC16_24FJ256GA110/production/interrupts.o

.config_DSWDTEN
                  0x0057f8          0x2
 .config_DSWDTEN
                  0x0057f8          0x2 build/XC16_24FJ256GA110/production/main.o

.ivt._OscillatorFail
                  0x000006          0x2
 .ivt._OscillatorFail
                  0x000006          0x2 build/XC16_24FJ256GA110/production/traps.o

.ivt._AddressError
                  0x000008          0x2
 .ivt._AddressError
                  0x000008          0x2 build/XC16_24FJ256GA110/production/traps.o

.ivt._StackError
                  0x00000a          0x2
 .ivt._StackError
                  0x00000a          0x2 build/XC16_24FJ256GA110/production/traps.o

.ivt._MathError
                  0x00000c          0x2
 .ivt._MathError
                  0x00000c          0x2 build/XC16_24FJ256GA110/production/traps.o

.aivt._AltOscillatorFail
                  0x000106          0x2
 .aivt._AltOscillatorFail
                  0x000106          0x2 build/XC16_24FJ256GA110/production/traps.o

.aivt._AltAddressError
                  0x000108          0x2
 .aivt._AltAddressError
                  0x000108          0x2 build/XC16_24FJ256GA110/production/traps.o

.aivt._AltStackError
                  0x00010a          0x2
 .aivt._AltStackError
                  0x00010a          0x2 build/XC16_24FJ256GA110/production/traps.o

.aivt._AltMathError
                  0x00010c          0x2
 .aivt._AltMathError
                  0x00010c          0x2 build/XC16_24FJ256GA110/production/traps.o

.const              0x8812         0x2c load address 0x000812  
 .const             0x8812         0x2c build/XC16_24FJ256GA110/production/direction.o
                    0x8812                  _thresh
                    0x8814                  _hDist
                    0x8816                  _sRate
                    0x8818                  _speedOfSound
                    0x881a                  _angleLUT

.text             0x00083e        0x78c
 .text            0x00083e        0x34c build/XC16_24FJ256GA110/production/packetCom.o
                  0x000914                  _PacketComState_ParseFrameId
                  0x00094a                  _PacketComState_CheckCRC
                  0x0009ae                  _PacketComState_Run
 .text            0x000b8a        0x1d4 build/XC16_24FJ256GA110/production/DOA.o
                  0x000b8a                  _DOA
                  0x000bb0                  _phaseshift
 .text            0x000d5e        0x136 build/XC16_24FJ256GA110/production/crc.o
                  0x000da4                  _crcSlow
                  0x000e02                  _crcInit
                  0x000e40                  _crcFast
 .text            0x000e94         0xce build/XC16_24FJ256GA110/production/system.o
                  0x000f44                  _InitializeHardware
 .text            0x000f62         0x68 build/XC16_24FJ256GA110/production/circularBuffer.o
                  0x000f62                  _CircularBuffer_Create
                  0x000f72                  _CircularBuffer_Write
                  0x000f92                  _CircularBuffer_ReadCopy
                  0x000fc4                  _CircularBuffer_Read

.dinit            0x000fca         0x48
 .dinit           0x000fca         0x48 data_init

.text             0x001012         0x12
 .text            0x001012         0x10 build/XC16_24FJ256GA110/production/main.o
                  0x001012                  _main
 .text            0x001022          0x2 build/XC16_24FJ256GA110/production/user.o
                  0x001022                  _InitApp
